name: testschema
desc: ""
tables:
- name: a
  type: ""
  comment: table a
  columns:
  - name: a
    type: INTEGER
    nullable: false
    default: null
    comment: column a
  - name: a2
    type: TEXT
    nullable: false
    default: null
    comment: column a2
  indexes:
  - name: PRIMARY KEY
    def: PRIMARY KEY(a)
    table: a
    columns:
    - a
    comment: ""
  constraints:
  - name: PRIMARY
    type: ""
    def: PRIMARY KEY (a)
    table: a
    referencedTable: null
    columns: []
    referencedColumns: []
    comment: ""
  triggers:
  - name: update_a_a2
    def: CREATE CONSTRAINT TRIGGER update_a_a2 AFTER INSERT OR UPDATE ON a
    comment: ""
  def: ""
- name: b
  type: ""
  comment: table b
  columns:
  - name: b
    type: INTEGER
    nullable: false
    default: null
    comment: column b
  - name: b2
    type: TEXT
    nullable: false
    default: null
    comment: column b2
  indexes: []
  constraints: []
  triggers: []
  def: ""
relations:
- table: b
  columns:
  - b
  cardinality: One or more
  parentTable: a
  parentColumns:
  - a
  parentCardinality: Exactly one
  def: ""
  virtual: false
functions: []
driver:
  name: testdriver
  databaseVersion: 1.0.0
  meta: {}
